\BOOKMARK [1][-]{section.1}{\376\377\000I\000n\000t\000r\000o\000d\000u\000c\000t\000i\000o\000n}{}% 1
\BOOKMARK [1][-]{section.2}{\376\377\000D\000a\000t\000a\000s\000e\000t\000\040\000a\000n\000d\000\040\000P\000r\000e\000p\000r\000o\000c\000e\000s\000s\000i\000n\000g}{}% 2
\BOOKMARK [2][-]{subsection.2.1}{\376\377\000D\000a\000t\000a\000s\000e\000t\000\040\000D\000e\000s\000c\000r\000i\000p\000t\000i\000o\000n}{section.2}% 3
\BOOKMARK [2][-]{subsection.2.2}{\376\377\000S\000t\000r\000a\000t\000i\000f\000i\000e\000d\000\040\000S\000p\000l\000i\000t\000t\000i\000n\000g}{section.2}% 4
\BOOKMARK [2][-]{subsection.2.3}{\376\377\000T\000e\000x\000t\000\040\000P\000r\000e\000p\000r\000o\000c\000e\000s\000s\000i\000n\000g}{section.2}% 5
\BOOKMARK [2][-]{subsection.2.4}{\376\377\000D\000a\000t\000a\000\040\000A\000u\000g\000m\000e\000n\000t\000a\000t\000i\000o\000n}{section.2}% 6
\BOOKMARK [1][-]{section.3}{\376\377\000G\000r\000e\000e\000k\000\040\000B\000E\000R\000T\000\040\000M\000u\000l\000t\000i\000-\000L\000a\000b\000e\000l\000\040\000C\000l\000a\000s\000s\000i\000f\000i\000e\000r}{}% 7
\BOOKMARK [2][-]{subsection.3.1}{\376\377\000A\000r\000c\000h\000i\000t\000e\000c\000t\000u\000r\000e}{section.3}% 8
\BOOKMARK [2][-]{subsection.3.2}{\376\377\000L\000o\000s\000s\000\040\000F\000u\000n\000c\000t\000i\000o\000n\000:\000\040\000A\000s\000y\000m\000m\000e\000t\000r\000i\000c\000\040\000L\000o\000s\000s}{section.3}% 9
\BOOKMARK [2][-]{subsection.3.3}{\376\377\000T\000r\000a\000i\000n\000i\000n\000g\000\040\000C\000o\000n\000f\000i\000g\000u\000r\000a\000t\000i\000o\000n}{section.3}% 10
\BOOKMARK [2][-]{subsection.3.4}{\376\377\000T\000h\000r\000e\000s\000h\000o\000l\000d\000\040\000T\000u\000n\000i\000n\000g}{section.3}% 11
\BOOKMARK [2][-]{subsection.3.5}{\376\377\000T\000r\000a\000i\000n\000i\000n\000g\000\040\000V\000a\000r\000i\000a\000n\000t\000s}{section.3}% 12
\BOOKMARK [1][-]{section.4}{\376\377\000X\000L\000M\000-\000R\000o\000B\000E\000R\000T\000a\000\040\000M\000u\000l\000t\000i\000-\000L\000a\000b\000e\000l\000\040\000C\000l\000a\000s\000s\000i\000f\000i\000e\000r\000s}{}% 13
\BOOKMARK [2][-]{subsection.4.1}{\376\377\000M\000o\000t\000i\000v\000a\000t\000i\000o\000n}{section.4}% 14
\BOOKMARK [2][-]{subsection.4.2}{\376\377\000L\000o\000n\000g\000-\000D\000o\000c\000u\000m\000e\000n\000t\000\040\000H\000a\000n\000d\000l\000i\000n\000g\000:\000\040\000S\000l\000i\000d\000i\000n\000g\000\040\000W\000i\000n\000d\000o\000w}{section.4}% 15
\BOOKMARK [2][-]{subsection.4.3}{\376\377\000X\000L\000M\000-\000R\000o\000B\000E\000R\000T\000a\000\040\000L\000a\000r\000g\000e}{section.4}% 16
\BOOKMARK [2][-]{subsection.4.4}{\376\377\000X\000L\000M\000-\000R\000o\000B\000E\000R\000T\000a\000\040\000B\000a\000s\000e}{section.4}% 17
\BOOKMARK [1][-]{section.5}{\376\377\000I\000n\000f\000o\000r\000m\000a\000t\000i\000o\000n\000\040\000R\000e\000t\000r\000i\000e\000v\000a\000l\000\040\000M\000o\000d\000u\000l\000e}{}% 18
\BOOKMARK [2][-]{subsection.5.1}{\376\377\000M\000o\000t\000i\000v\000a\000t\000i\000o\000n\000\040\000a\000n\000d\000\040\000O\000v\000e\000r\000v\000i\000e\000w}{section.5}% 19
\BOOKMARK [2][-]{subsection.5.2}{\376\377\000B\000M\0002\0005\000\040\000R\000e\000t\000r\000i\000e\000v\000a\000l}{section.5}% 20
\BOOKMARK [2][-]{subsection.5.3}{\376\377\000T\000F\000-\000I\000D\000F\000\040\000R\000e\000t\000r\000i\000e\000v\000a\000l}{section.5}% 21
\BOOKMARK [2][-]{subsection.5.4}{\376\377\000D\000e\000n\000s\000e\000\040\000R\000e\000t\000r\000i\000e\000v\000a\000l}{section.5}% 22
\BOOKMARK [2][-]{subsection.5.5}{\376\377\000R\000e\000c\000i\000p\000r\000o\000c\000a\000l\000\040\000R\000a\000n\000k\000\040\000F\000u\000s\000i\000o\000n}{section.5}% 23
\BOOKMARK [2][-]{subsection.5.6}{\376\377\000R\000e\000s\000u\000l\000t\000s}{section.5}% 24
\BOOKMARK [1][-]{section.6}{\376\377\000D\000i\000c\000t\000i\000o\000n\000a\000r\000y\000\040\000B\000a\000s\000e\000l\000i\000n\000e}{}% 25
\BOOKMARK [2][-]{subsection.6.1}{\376\377\000T\000e\000r\000m\040\023\000C\000o\000d\000e\000\040\000M\000a\000p\000p\000i\000n\000g}{section.6}% 26
\BOOKMARK [2][-]{subsection.6.2}{\376\377\000R\000u\000l\000e\000-\000B\000a\000s\000e\000d\000\040\000C\000o\000d\000e\000\040\000B\000o\000o\000s\000t\000e\000r\000s}{section.6}% 27
\BOOKMARK [2][-]{subsection.6.3}{\376\377\000C\000o\000-\000o\000c\000c\000u\000r\000r\000e\000n\000c\000e\000\040\000R\000u\000l\000e\000s}{section.6}% 28
\BOOKMARK [2][-]{subsection.6.4}{\376\377\000O\000p\000t\000i\000o\000n\000a\000l\000\040\000F\000i\000l\000t\000e\000r\000s}{section.6}% 29
\BOOKMARK [2][-]{subsection.6.5}{\376\377\000R\000e\000s\000u\000l\000t\000s}{section.6}% 30
\BOOKMARK [1][-]{section.7}{\376\377\000N\000a\000m\000e\000d\000\040\000E\000n\000t\000i\000t\000y\000\040\000R\000e\000c\000o\000g\000n\000i\000t\000i\000o\000n\000\040\000a\000n\000d\000\040\000E\000n\000t\000i\000t\000y\000\040\000L\000i\000n\000k\000i\000n\000g}{}% 31
\BOOKMARK [2][-]{subsection.7.1}{\376\377\000A\000r\000c\000h\000i\000t\000e\000c\000t\000u\000r\000e}{section.7}% 32
\BOOKMARK [2][-]{subsection.7.2}{\376\377\000D\000o\000c\000u\000m\000e\000n\000t\000-\000L\000e\000v\000e\000l\000\040\000A\000g\000g\000r\000e\000g\000a\000t\000i\000o\000n}{section.7}% 33
\BOOKMARK [2][-]{subsection.7.3}{\376\377\000R\000e\000s\000u\000l\000t\000s}{section.7}% 34
\BOOKMARK [1][-]{section.8}{\376\377\000M\000e\000t\000a\000h\000e\000u\000r\000i\000s\000t\000i\000c\000\040\000E\000n\000s\000e\000m\000b\000l\000e}{}% 35
\BOOKMARK [2][-]{subsection.8.1}{\376\377\000M\000o\000t\000i\000v\000a\000t\000i\000o\000n}{section.8}% 36
\BOOKMARK [2][-]{subsection.8.2}{\376\377\000E\000n\000s\000e\000m\000b\000l\000e\000\040\000A\000r\000c\000h\000i\000t\000e\000c\000t\000u\000r\000e}{section.8}% 37
\BOOKMARK [2][-]{subsection.8.3}{\376\377\000B\000a\000s\000e\000\040\000S\000t\000r\000a\000t\000e\000g\000i\000e\000s}{section.8}% 38
\BOOKMARK [2][-]{subsection.8.4}{\376\377\000C\000o\000m\000p\000o\000s\000i\000t\000i\000o\000n\000\040\000O\000p\000e\000r\000a\000t\000o\000r\000s}{section.8}% 39
\BOOKMARK [2][-]{subsection.8.5}{\376\377\000M\000e\000t\000a\000h\000e\000u\000r\000i\000s\000t\000i\000c\000\040\000W\000e\000i\000g\000h\000t\000\040\000O\000p\000t\000i\000m\000i\000s\000a\000t\000i\000o\000n}{section.8}% 40
\BOOKMARK [2][-]{subsection.8.6}{\376\377\000S\000t\000r\000a\000t\000e\000g\000y\000\040\000S\000e\000l\000e\000c\000t\000i\000o\000n\000\040\000a\000n\000d\000\040\000S\000u\000b\000m\000i\000s\000s\000i\000o\000n}{section.8}% 41
\BOOKMARK [1][-]{section.9}{\376\377\000E\000x\000p\000e\000r\000i\000m\000e\000n\000t\000s\000\040\000a\000n\000d\000\040\000R\000e\000s\000u\000l\000t\000s}{}% 42
\BOOKMARK [2][-]{subsection.9.1}{\376\377\000I\000n\000d\000i\000v\000i\000d\000u\000a\000l\000\040\000C\000o\000m\000p\000o\000n\000e\000n\000t\000\040\000P\000e\000r\000f\000o\000r\000m\000a\000n\000c\000e}{section.9}% 43
\BOOKMARK [2][-]{subsection.9.2}{\376\377\000A\000b\000l\000a\000t\000i\000o\000n\000:\000\040\000E\000f\000f\000e\000c\000t\000\040\000o\000f\000\040\000T\000h\000r\000e\000s\000h\000o\000l\000d\000\040\000T\000u\000n\000i\000n\000g}{section.9}% 44
\BOOKMARK [2][-]{subsection.9.3}{\376\377\000A\000b\000l\000a\000t\000i\000o\000n\000:\000\040\000E\000f\000f\000e\000c\000t\000\040\000o\000f\000\040\000L\000L\000R\000D}{section.9}% 45
\BOOKMARK [2][-]{subsection.9.4}{\376\377\000A\000b\000l\000a\000t\000i\000o\000n\000:\000\040\000L\000o\000s\000s\000\040\000F\000u\000n\000c\000t\000i\000o\000n\000\040\000C\000o\000m\000p\000a\000r\000i\000s\000o\000n}{section.9}% 46
\BOOKMARK [2][-]{subsection.9.5}{\376\377\000A\000b\000l\000a\000t\000i\000o\000n\000:\000\040\000E\000n\000s\000e\000m\000b\000l\000e\000\040\000S\000t\000r\000a\000t\000e\000g\000y\000\040\000C\000o\000m\000p\000a\000r\000i\000s\000o\000n}{section.9}% 47
\BOOKMARK [2][-]{subsection.9.6}{\376\377\000O\000f\000f\000i\000c\000i\000a\000l\000\040\000T\000e\000s\000t\000\040\000R\000e\000s\000u\000l\000t\000s}{section.9}% 48
\BOOKMARK [1][-]{section.10}{\376\377\000E\000r\000r\000o\000r\000\040\000A\000n\000a\000l\000y\000s\000i\000s}{}% 49
\BOOKMARK [2][-]{subsection.10.1}{\376\377\000R\000a\000r\000e\000\040\000L\000a\000b\000e\000l\000\040\000P\000e\000r\000f\000o\000r\000m\000a\000n\000c\000e}{section.10}% 50
\BOOKMARK [2][-]{subsection.10.2}{\376\377\000D\000i\000c\000t\000i\000o\000n\000a\000r\000y\000\040\000C\000o\000v\000e\000r\000a\000g\000e\000\040\000G\000a\000p\000s}{section.10}% 51
\BOOKMARK [2][-]{subsection.10.3}{\376\377\000L\000a\000b\000e\000l\000\040\000C\000o\000n\000f\000u\000s\000i\000o\000n}{section.10}% 52
\BOOKMARK [2][-]{subsection.10.4}{\376\377\000M\000o\000d\000e\000l\000\040\000C\000o\000n\000f\000i\000d\000e\000n\000c\000e\000\040\000C\000a\000l\000i\000b\000r\000a\000t\000i\000o\000n}{section.10}% 53
\BOOKMARK [1][-]{section.11}{\376\377\000T\000r\000a\000i\000n\000i\000n\000g\000\040\000I\000n\000f\000r\000a\000s\000t\000r\000u\000c\000t\000u\000r\000e}{}% 54
\BOOKMARK [1][-]{section.12}{\376\377\000C\000o\000n\000c\000l\000u\000s\000i\000o\000n}{}% 55
